// Jest Snapshot v1, https://goo.gl/fbAQLP

exports[`Button component should render component 1`] = `
<button
  class="button"
>
  test
</button>
`;
