// Jest Snapshot v1, https://goo.gl/fbAQLP

exports[`Group component should render component and has proper styles 1`] = `
<div
  class="group"
  data-testid="component"
  style="gap: 10px; align-items: center; flex-direction: column; width: 100px; margin: 0px;"
>
  <div />
</div>
`;
